----------------------------------------------------------------
Sat May 09 14:18:37 EEST 2026:
Booting Derby version The Apache Software Foundation - Apache Derby - 10.16.1.1 - (1901046): instance a816c00e-019e-0c75-f224-00000449a2f8 
on database directory C:\Users\Admin\OneDrive\Documente\uni\sem2\II\DSA-SparkSQL-Service\metastore_db with class loader jdk.internal.loader.ClassLoaders$AppClassLoader@76ed5528 
Loaded from file:/C:/Users/Admin/.m2/repository/org/apache/derby/derby/10.16.1.1/derby-10.16.1.1.jar
java.vendor=Eclipse Adoptium
java.runtime.version=21.0.11+10-LTS
user.dir=C:\Users\Admin\OneDrive\Documente\uni\sem2\II\DSA-SparkSQL-Service
os.name=Windows 11
os.arch=amd64
os.version=10.0
derby.system.home=null
Database Class Loader started - derby.database.classpath=''
----------------------------------------------------------------
Sat May 09 14:18:45 EEST 2026:
Booting Derby version The Apache Software Foundation - Apache Derby - 10.16.1.1 - (1901046): instance 4fe880b5-019e-0c75-f224-00000449a2f8 
on database directory memory:C:\Users\Admin\OneDrive\Documente\uni\sem2\II\DSA-SparkSQL-Service with class loader jdk.internal.loader.ClassLoaders$AppClassLoader@76ed5528 
Loaded from file:/C:/Users/Admin/.m2/repository/org/apache/derby/derby/10.16.1.1/derby-10.16.1.1.jar
java.vendor=Eclipse Adoptium
java.runtime.version=21.0.11+10-LTS
user.dir=C:\Users\Admin\OneDrive\Documente\uni\sem2\II\DSA-SparkSQL-Service
os.name=Windows 11
os.arch=amd64
os.version=10.0
derby.system.home=null
Database Class Loader started - derby.database.classpath=''
